<?xml version="1.0" encoding="utf-8"?><testsuites name="pytest tests"><testsuite name="pytest" errors="52" failures="0" skipped="5" tests="159" time="7.914" timestamp="2025-12-10T18:01:23.866446+01:00" hostname="grzegorz-Stealth-15M-A11SDK"><testcase classname="tests.api.v1.test_agent" name="test_agent_execute_happy_path" time="0.062"><error message="failed on setup with &quot;TypeError: Can't instantiate abstract class QdrantVectorStore without an implementation for abstract methods 'batch_store_vectors', 'store_vector', 'update_vector'&quot;">E   TypeError: Can't instantiate abstract class QdrantVectorStore without an implementation for abstract methods 'batch_store_vectors', 'store_vector', 'update_vector'</error></testcase><testcase classname="tests.api.v1.test_agent" name="test_agent_execute_no_episodic_memories" time="0.062"><error message="failed on setup with &quot;TypeError: Can't instantiate abstract class QdrantVectorStore without an implementation for abstract methods 'batch_store_vectors', 'store_vector', 'update_vector'&quot;">E   TypeError: Can't instantiate abstract class QdrantVectorStore without an implementation for abstract methods 'batch_store_vectors', 'store_vector', 'update_vector'</error></testcase><testcase classname="tests.api.v1.test_agent" name="test_agent_execute_reranker_failure" time="0.062"><error message="failed on setup with &quot;TypeError: Can't instantiate abstract class QdrantVectorStore without an implementation for abstract methods 'batch_store_vectors', 'store_vector', 'update_vector'&quot;">E   TypeError: Can't instantiate abstract class QdrantVectorStore without an implementation for abstract methods 'batch_store_vectors', 'store_vector', 'update_vector'</error></testcase><testcase classname="tests.api.v1.test_agent" name="test_agent_execute_llm_failure" time="0.064"><error message="failed on setup with &quot;TypeError: Can't instantiate abstract class QdrantVectorStore without an implementation for abstract methods 'batch_store_vectors', 'store_vector', 'update_vector'&quot;">E   TypeError: Can't instantiate abstract class QdrantVectorStore without an implementation for abstract methods 'batch_store_vectors', 'store_vector', 'update_vector'</error></testcase><testcase classname="tests.api.v1.test_agent" name="test_agent_execute_reflection_failure_ignored" time="0.062"><error message="failed on setup with &quot;TypeError: Can't instantiate abstract class QdrantVectorStore without an implementation for abstract methods 'batch_store_vectors', 'store_vector', 'update_vector'&quot;">E   TypeError: Can't instantiate abstract class QdrantVectorStore without an implementation for abstract methods 'batch_store_vectors', 'store_vector', 'update_vector'</error></testcase><testcase classname="tests.api.v1.test_agent" name="test_agent_execute_vector_store_failure" time="0.063"><error message="failed on setup with &quot;TypeError: Can't instantiate abstract class QdrantVectorStore without an implementation for abstract methods 'batch_store_vectors', 'store_vector', 'update_vector'&quot;">E   TypeError: Can't instantiate abstract class QdrantVectorStore without an implementation for abstract methods 'batch_store_vectors', 'store_vector', 'update_vector'</error></testcase><testcase classname="tests.api.v1.test_cache" name="test_rebuild_cache" time="0.031" /><testcase classname="tests.api.v1.test_dashboard" name="test_get_system_health" time="0.034" /><testcase classname="tests.api.v1.test_dashboard" name="test_get_dashboard_metrics" time="0.027" /><testcase classname="tests.api.v1.test_dashboard" name="test_get_activity_log" time="0.027" /><testcase classname="tests.api.v1.test_dashboard" name="test_websocket_endpoint" time="0.026" /><testcase classname="tests.api.v1.test_dashboard" name="test_compliance_report" time="0.026" /><testcase classname="tests.api.v1.test_dashboard" name="test_risk_register" time="0.026" /><testcase classname="tests.api.v1.test_dashboard" name="test_get_metric_timeseries_trend_up" time="0.026" /><testcase classname="tests.api.v1.test_dashboard" name="test_get_metric_timeseries_trend_stable" time="0.027" /><testcase classname="tests.api.v1.test_dashboard" name="test_get_visualization_reflection_tree" time="0.026" /><testcase classname="tests.api.v1.test_dashboard" name="test_get_visualization_semantic_graph" time="0.026" /><testcase classname="tests.api.v1.test_dashboard" name="test_get_visualization_unsupported" time="0.026" /><testcase classname="tests.api.v1.test_dashboard" name="test_get_rls_status" time="0.027" /><testcase classname="tests.api.v1.test_dashboard" name="test_get_audit_trail" time="0.025" /><testcase classname="tests.api.v1.test_dashboard" name="test_error_handling_dashboard_metrics" time="0.026" /><testcase classname="tests.api.v1.test_event_triggers" name="test_create_trigger_success" time="0.026" /><testcase classname="tests.api.v1.test_event_triggers" name="test_create_trigger_failure" time="0.026" /><testcase classname="tests.api.v1.test_event_triggers" name="test_get_trigger_success" time="0.028" /><testcase classname="tests.api.v1.test_event_triggers" name="test_get_trigger_not_found" time="0.026" /><testcase classname="tests.api.v1.test_event_triggers" name="test_update_trigger_success" time="0.026" /><testcase classname="tests.api.v1.test_event_triggers" name="test_delete_trigger_success" time="0.026" /><testcase classname="tests.api.v1.test_event_triggers" name="test_enable_disable_trigger" time="0.026" /><testcase classname="tests.api.v1.test_event_triggers" name="test_list_triggers" time="0.025" /><testcase classname="tests.api.v1.test_event_triggers" name="test_emit_event_success" time="0.027" /><testcase classname="tests.api.v1.test_event_triggers" name="test_create_workflow_success" time="0.026" /><testcase classname="tests.api.v1.test_event_triggers" name="test_get_workflow_success" time="0.026" /><testcase classname="tests.api.v1.test_event_triggers" name="test_instantiate_template_success" time="0.026" /><testcase classname="tests.api.v1.test_event_triggers" name="test_instantiate_template_missing_param" time="0.025" /><testcase classname="tests.api.v1.test_governance" name="test_governance_overview_success" time="0.063"><error message="failed on setup with &quot;TypeError: Can't instantiate abstract class QdrantVectorStore without an implementation for abstract methods 'batch_store_vectors', 'store_vector', 'update_vector'&quot;">E   TypeError: Can't instantiate abstract class QdrantVectorStore without an implementation for abstract methods 'batch_store_vectors', 'store_vector', 'update_vector'</error></testcase><testcase classname="tests.api.v1.test_governance" name="test_governance_overview_with_custom_days" time="0.063"><error message="failed on setup with &quot;TypeError: Can't instantiate abstract class QdrantVectorStore without an implementation for abstract methods 'batch_store_vectors', 'store_vector', 'update_vector'&quot;">E   TypeError: Can't instantiate abstract class QdrantVectorStore without an implementation for abstract methods 'batch_store_vectors', 'store_vector', 'update_vector'</error></testcase><testcase classname="tests.api.v1.test_governance" name="test_governance_overview_error" time="0.093"><error message="failed on setup with &quot;TypeError: Can't instantiate abstract class QdrantVectorStore without an implementation for abstract methods 'batch_store_vectors', 'store_vector', 'update_vector'&quot;">E   TypeError: Can't instantiate abstract class QdrantVectorStore without an implementation for abstract methods 'batch_store_vectors', 'store_vector', 'update_vector'</error></testcase><testcase classname="tests.api.v1.test_governance" name="test_tenant_governance_stats_success" time="0.067"><error message="failed on setup with &quot;TypeError: Can't instantiate abstract class QdrantVectorStore without an implementation for abstract methods 'batch_store_vectors', 'store_vector', 'update_vector'&quot;">E   TypeError: Can't instantiate abstract class QdrantVectorStore without an implementation for abstract methods 'batch_store_vectors', 'store_vector', 'update_vector'</error></testcase><testcase classname="tests.api.v1.test_governance" name="test_tenant_governance_stats_no_data" time="0.065"><error message="failed on setup with &quot;TypeError: Can't instantiate abstract class QdrantVectorStore without an implementation for abstract methods 'batch_store_vectors', 'store_vector', 'update_vector'&quot;">E   TypeError: Can't instantiate abstract class QdrantVectorStore without an implementation for abstract methods 'batch_store_vectors', 'store_vector', 'update_vector'</error></testcase><testcase classname="tests.api.v1.test_governance" name="test_tenant_governance_stats_with_custom_period" time="0.065"><error message="failed on setup with &quot;TypeError: Can't instantiate abstract class QdrantVectorStore without an implementation for abstract methods 'batch_store_vectors', 'store_vector', 'update_vector'&quot;">E   TypeError: Can't instantiate abstract class QdrantVectorStore without an implementation for abstract methods 'batch_store_vectors', 'store_vector', 'update_vector'</error></testcase><testcase classname="tests.api.v1.test_governance" name="test_tenant_budget_status_success" time="0.065"><error message="failed on setup with &quot;TypeError: Can't instantiate abstract class QdrantVectorStore without an implementation for abstract methods 'batch_store_vectors', 'store_vector', 'update_vector'&quot;">E   TypeError: Can't instantiate abstract class QdrantVectorStore without an implementation for abstract methods 'batch_store_vectors', 'store_vector', 'update_vector'</error></testcase><testcase classname="tests.api.v1.test_governance" name="test_tenant_budget_status_with_alerts" time="0.064"><error message="failed on setup with &quot;TypeError: Can't instantiate abstract class QdrantVectorStore without an implementation for abstract methods 'batch_store_vectors', 'store_vector', 'update_vector'&quot;">E   TypeError: Can't instantiate abstract class QdrantVectorStore without an implementation for abstract methods 'batch_store_vectors', 'store_vector', 'update_vector'</error></testcase><testcase classname="tests.api.v1.test_governance" name="test_tenant_budget_status_zero_usage" time="0.073"><error message="failed on setup with &quot;TypeError: Can't instantiate abstract class QdrantVectorStore without an implementation for abstract methods 'batch_store_vectors', 'store_vector', 'update_vector'&quot;">E   TypeError: Can't instantiate abstract class QdrantVectorStore without an implementation for abstract methods 'batch_store_vectors', 'store_vector', 'update_vector'</error></testcase><testcase classname="tests.api.v1.test_governance" name="test_tenant_budget_status_error" time="0.064"><error message="failed on setup with &quot;TypeError: Can't instantiate abstract class QdrantVectorStore without an implementation for abstract methods 'batch_store_vectors', 'store_vector', 'update_vector'&quot;">E   TypeError: Can't instantiate abstract class QdrantVectorStore without an implementation for abstract methods 'batch_store_vectors', 'store_vector', 'update_vector'</error></testcase><testcase classname="tests.api.v1.test_governance" name="test_governance_overview_invalid_days" time="0.066"><error message="failed on setup with &quot;TypeError: Can't instantiate abstract class QdrantVectorStore without an implementation for abstract methods 'batch_store_vectors', 'store_vector', 'update_vector'&quot;">E   TypeError: Can't instantiate abstract class QdrantVectorStore without an implementation for abstract methods 'batch_store_vectors', 'store_vector', 'update_vector'</error></testcase><testcase classname="tests.api.v1.test_governance" name="test_tenant_governance_stats_invalid_days" time="0.068"><error message="failed on setup with &quot;TypeError: Can't instantiate abstract class QdrantVectorStore without an implementation for abstract methods 'batch_store_vectors', 'store_vector', 'update_vector'&quot;">E   TypeError: Can't instantiate abstract class QdrantVectorStore without an implementation for abstract methods 'batch_store_vectors', 'store_vector', 'update_vector'</error></testcase><testcase classname="tests.api.v1.test_governance" name="test_governance_overview_empty_results" time="0.066"><error message="failed on setup with &quot;TypeError: Can't instantiate abstract class QdrantVectorStore without an implementation for abstract methods 'batch_store_vectors', 'store_vector', 'update_vector'&quot;">E   TypeError: Can't instantiate abstract class QdrantVectorStore without an implementation for abstract methods 'batch_store_vectors', 'store_vector', 'update_vector'</error></testcase><testcase classname="tests.api.v1.test_graph" name="test_extract_knowledge_graph" time="0.067"><error message="failed on setup with &quot;TypeError: Can't instantiate abstract class QdrantVectorStore without an implementation for abstract methods 'batch_store_vectors', 'store_vector', 'update_vector'&quot;">E   TypeError: Can't instantiate abstract class QdrantVectorStore without an implementation for abstract methods 'batch_store_vectors', 'store_vector', 'update_vector'</error></testcase><testcase classname="tests.api.v1.test_graph" name="test_generate_hierarchical_reflection" time="0.063"><error message="failed on setup with &quot;TypeError: Can't instantiate abstract class QdrantVectorStore without an implementation for abstract methods 'batch_store_vectors', 'store_vector', 'update_vector'&quot;">E   TypeError: Can't instantiate abstract class QdrantVectorStore without an implementation for abstract methods 'batch_store_vectors', 'store_vector', 'update_vector'</error></testcase><testcase classname="tests.api.v1.test_graph" name="test_get_graph_statistics" time="0.066"><error message="failed on setup with &quot;TypeError: Can't instantiate abstract class QdrantVectorStore without an implementation for abstract methods 'batch_store_vectors', 'store_vector', 'update_vector'&quot;">E   TypeError: Can't instantiate abstract class QdrantVectorStore without an implementation for abstract methods 'batch_store_vectors', 'store_vector', 'update_vector'</error></testcase><testcase classname="tests.api.v1.test_graph" name="test_get_graph_nodes" time="0.064"><error message="failed on setup with &quot;TypeError: Can't instantiate abstract class QdrantVectorStore without an implementation for abstract methods 'batch_store_vectors', 'store_vector', 'update_vector'&quot;">E   TypeError: Can't instantiate abstract class QdrantVectorStore without an implementation for abstract methods 'batch_store_vectors', 'store_vector', 'update_vector'</error></testcase><testcase classname="tests.api.v1.test_graph" name="test_get_graph_nodes_with_pagerank" time="0.063"><error message="failed on setup with &quot;TypeError: Can't instantiate abstract class QdrantVectorStore without an implementation for abstract methods 'batch_store_vectors', 'store_vector', 'update_vector'&quot;">E   TypeError: Can't instantiate abstract class QdrantVectorStore without an implementation for abstract methods 'batch_store_vectors', 'store_vector', 'update_vector'</error></testcase><testcase classname="tests.api.v1.test_graph" name="test_get_graph_edges" time="0.066"><error message="failed on setup with &quot;TypeError: Can't instantiate abstract class QdrantVectorStore without an implementation for abstract methods 'batch_store_vectors', 'store_vector', 'update_vector'&quot;">E   TypeError: Can't instantiate abstract class QdrantVectorStore without an implementation for abstract methods 'batch_store_vectors', 'store_vector', 'update_vector'</error></testcase><testcase classname="tests.api.v1.test_graph" name="test_query_knowledge_graph" time="0.065"><error message="failed on setup with &quot;TypeError: Can't instantiate abstract class QdrantVectorStore without an implementation for abstract methods 'batch_store_vectors', 'store_vector', 'update_vector'&quot;">E   TypeError: Can't instantiate abstract class QdrantVectorStore without an implementation for abstract methods 'batch_store_vectors', 'store_vector', 'update_vector'</error></testcase><testcase classname="tests.api.v1.test_graph" name="test_get_subgraph" time="0.064"><error message="failed on setup with &quot;TypeError: Can't instantiate abstract class QdrantVectorStore without an implementation for abstract methods 'batch_store_vectors', 'store_vector', 'update_vector'&quot;">E   TypeError: Can't instantiate abstract class QdrantVectorStore without an implementation for abstract methods 'batch_store_vectors', 'store_vector', 'update_vector'</error></testcase><testcase classname="tests.api.v1.test_graph" name="test_error_handling_missing_tenant" time="0.065"><error message="failed on setup with &quot;TypeError: Can't instantiate abstract class QdrantVectorStore without an implementation for abstract methods 'batch_store_vectors', 'store_vector', 'update_vector'&quot;">E   TypeError: Can't instantiate abstract class QdrantVectorStore without an implementation for abstract methods 'batch_store_vectors', 'store_vector', 'update_vector'</error></testcase><testcase classname="tests.api.v1.test_graph_enhanced" name="test_create_node" time="0.027" /><testcase classname="tests.api.v1.test_graph_enhanced" name="test_get_node_metrics" time="0.026" /><testcase classname="tests.api.v1.test_graph_enhanced" name="test_create_edge_success" time="0.028" /><testcase classname="tests.api.v1.test_graph_enhanced" name="test_create_edge_failure" time="0.027" /><testcase classname="tests.api.v1.test_graph_enhanced" name="test_update_edge_weight" time="0.026" /><testcase classname="tests.api.v1.test_graph_enhanced" name="test_deactivate_edge" time="0.027" /><testcase classname="tests.api.v1.test_graph_enhanced" name="test_activate_edge" time="0.028" /><testcase classname="tests.api.v1.test_graph_enhanced" name="test_set_edge_temporal_validity" time="0.026" /><testcase classname="tests.api.v1.test_graph_enhanced" name="test_traverse_graph" time="0.027" /><testcase classname="tests.api.v1.test_graph_enhanced" name="test_detect_cycle" time="0.027" /><testcase classname="tests.api.v1.test_graph_enhanced" name="test_find_shortest_path" time="0.027" /><testcase classname="tests.api.v1.test_graph_enhanced" name="test_get_graph_statistics" time="0.027" /><testcase classname="tests.api.v1.test_graph_enhanced" name="test_create_snapshot" time="0.028" /><testcase classname="tests.api.v1.test_graph_enhanced" name="test_get_snapshot" time="0.027" /><testcase classname="tests.api.v1.test_graph_enhanced" name="test_get_snapshot_not_found" time="0.027" /><testcase classname="tests.api.v1.test_graph_enhanced" name="test_list_snapshots" time="0.026" /><testcase classname="tests.api.v1.test_graph_enhanced" name="test_restore_snapshot" time="0.028" /><testcase classname="tests.api.v1.test_graph_enhanced" name="test_batch_create_nodes" time="0.027" /><testcase classname="tests.api.v1.test_graph_enhanced" name="test_batch_create_edges" time="0.026" /><testcase classname="tests.api.v1.test_graph_enhanced" name="test_batch_create_edges_partial_failure" time="0.027" /><testcase classname="tests.api.v1.test_graph_enhanced" name="test_health_check" time="0.027" /><testcase classname="tests.api.v1.test_memory" name="test_store_memory_success" time="0.066"><error message="failed on setup with &quot;TypeError: Can't instantiate abstract class QdrantVectorStore without an implementation for abstract methods 'batch_store_vectors', 'store_vector', 'update_vector'&quot;">E   TypeError: Can't instantiate abstract class QdrantVectorStore without an implementation for abstract methods 'batch_store_vectors', 'store_vector', 'update_vector'</error></testcase><testcase classname="tests.api.v1.test_memory" name="test_store_memory_db_failure" time="0.066"><error message="failed on setup with &quot;TypeError: Can't instantiate abstract class QdrantVectorStore without an implementation for abstract methods 'batch_store_vectors', 'store_vector', 'update_vector'&quot;">E   TypeError: Can't instantiate abstract class QdrantVectorStore without an implementation for abstract methods 'batch_store_vectors', 'store_vector', 'update_vector'</error></testcase><testcase classname="tests.api.v1.test_memory" name="test_query_memory_vector_only" time="0.068"><error message="failed on setup with &quot;TypeError: Can't instantiate abstract class QdrantVectorStore without an implementation for abstract methods 'batch_store_vectors', 'store_vector', 'update_vector'&quot;">E   TypeError: Can't instantiate abstract class QdrantVectorStore without an implementation for abstract methods 'batch_store_vectors', 'store_vector', 'update_vector'</error></testcase><testcase classname="tests.api.v1.test_memory" name="test_query_memory_hybrid" time="0.063"><error message="failed on setup with &quot;TypeError: Can't instantiate abstract class QdrantVectorStore without an implementation for abstract methods 'batch_store_vectors', 'store_vector', 'update_vector'&quot;">E   TypeError: Can't instantiate abstract class QdrantVectorStore without an implementation for abstract methods 'batch_store_vectors', 'store_vector', 'update_vector'</error></testcase><testcase classname="tests.api.v1.test_memory" name="test_query_memory_hybrid_missing_project" time="0.067"><error message="failed on setup with &quot;TypeError: Can't instantiate abstract class QdrantVectorStore without an implementation for abstract methods 'batch_store_vectors', 'store_vector', 'update_vector'&quot;">E   TypeError: Can't instantiate abstract class QdrantVectorStore without an implementation for abstract methods 'batch_store_vectors', 'store_vector', 'update_vector'</error></testcase><testcase classname="tests.api.v1.test_memory" name="test_delete_memory_success" time="0.068"><error message="failed on setup with &quot;TypeError: Can't instantiate abstract class QdrantVectorStore without an implementation for abstract methods 'batch_store_vectors', 'store_vector', 'update_vector'&quot;">E   TypeError: Can't instantiate abstract class QdrantVectorStore without an implementation for abstract methods 'batch_store_vectors', 'store_vector', 'update_vector'</error></testcase><testcase classname="tests.api.v1.test_memory" name="test_delete_memory_not_found" time="0.064"><error message="failed on setup with &quot;TypeError: Can't instantiate abstract class QdrantVectorStore without an implementation for abstract methods 'batch_store_vectors', 'store_vector', 'update_vector'&quot;">E   TypeError: Can't instantiate abstract class QdrantVectorStore without an implementation for abstract methods 'batch_store_vectors', 'store_vector', 'update_vector'</error></testcase><testcase classname="tests.api.v1.test_memory" name="test_rebuild_reflections_success" time="0.074"><error message="failed on setup with &quot;TypeError: Can't instantiate abstract class QdrantVectorStore without an implementation for abstract methods 'batch_store_vectors', 'store_vector', 'update_vector'&quot;">E   TypeError: Can't instantiate abstract class QdrantVectorStore without an implementation for abstract methods 'batch_store_vectors', 'store_vector', 'update_vector'</error></testcase><testcase classname="tests.api.v1.test_memory" name="test_reflection_stats_success" time="0.064"><error message="failed on setup with &quot;TypeError: Can't instantiate abstract class QdrantVectorStore without an implementation for abstract methods 'batch_store_vectors', 'store_vector', 'update_vector'&quot;">E   TypeError: Can't instantiate abstract class QdrantVectorStore without an implementation for abstract methods 'batch_store_vectors', 'store_vector', 'update_vector'</error></testcase><testcase classname="tests.api.v1.test_memory" name="test_store_memory_missing_tenant_header" time="0.066"><error message="failed on setup with &quot;TypeError: Can't instantiate abstract class QdrantVectorStore without an implementation for abstract methods 'batch_store_vectors', 'store_vector', 'update_vector'&quot;">E   TypeError: Can't instantiate abstract class QdrantVectorStore without an implementation for abstract methods 'batch_store_vectors', 'store_vector', 'update_vector'</error></testcase><testcase classname="tests.api.v1.test_memory" name="test_query_memory_with_filters" time="0.069"><error message="failed on setup with &quot;TypeError: Can't instantiate abstract class QdrantVectorStore without an implementation for abstract methods 'batch_store_vectors', 'store_vector', 'update_vector'&quot;">E   TypeError: Can't instantiate abstract class QdrantVectorStore without an implementation for abstract methods 'batch_store_vectors', 'store_vector', 'update_vector'</error></testcase><testcase classname="tests.api.v1.test_memory" name="test_query_memory_with_graph_traversal" time="0.065"><error message="failed on setup with &quot;TypeError: Can't instantiate abstract class QdrantVectorStore without an implementation for abstract methods 'batch_store_vectors', 'store_vector', 'update_vector'&quot;">E   TypeError: Can't instantiate abstract class QdrantVectorStore without an implementation for abstract methods 'batch_store_vectors', 'store_vector', 'update_vector'</error></testcase><testcase classname="tests.api.v1.test_memory" name="test_generate_hierarchical_reflection_deprecated" time="0.064"><error message="failed on setup with &quot;TypeError: Can't instantiate abstract class QdrantVectorStore without an implementation for abstract methods 'batch_store_vectors', 'store_vector', 'update_vector'&quot;">E   TypeError: Can't instantiate abstract class QdrantVectorStore without an implementation for abstract methods 'batch_store_vectors', 'store_vector', 'update_vector'</error></testcase><testcase classname="tests.api.v1.test_memory_coverage" name="test_store_memory_vector_failure" time="0.068"><error message="failed on setup with &quot;TypeError: Can't instantiate abstract class QdrantVectorStore without an implementation for abstract methods 'batch_store_vectors', 'store_vector', 'update_vector'&quot;">E   TypeError: Can't instantiate abstract class QdrantVectorStore without an implementation for abstract methods 'batch_store_vectors', 'store_vector', 'update_vector'</error></testcase><testcase classname="tests.api.v1.test_memory_coverage" name="test_store_memory_db_failure" time="0.064"><error message="failed on setup with &quot;TypeError: Can't instantiate abstract class QdrantVectorStore without an implementation for abstract methods 'batch_store_vectors', 'store_vector', 'update_vector'&quot;">E   TypeError: Can't instantiate abstract class QdrantVectorStore without an implementation for abstract methods 'batch_store_vectors', 'store_vector', 'update_vector'</error></testcase><testcase classname="tests.api.v1.test_memory_coverage" name="test_query_memory_hybrid_missing_project" time="0.064"><error message="failed on setup with &quot;TypeError: Can't instantiate abstract class QdrantVectorStore without an implementation for abstract methods 'batch_store_vectors', 'store_vector', 'update_vector'&quot;">E   TypeError: Can't instantiate abstract class QdrantVectorStore without an implementation for abstract methods 'batch_store_vectors', 'store_vector', 'update_vector'</error></testcase><testcase classname="tests.api.v1.test_memory_coverage" name="test_delete_memory_success" time="0.069"><error message="failed on setup with &quot;TypeError: Can't instantiate abstract class QdrantVectorStore without an implementation for abstract methods 'batch_store_vectors', 'store_vector', 'update_vector'&quot;">E   TypeError: Can't instantiate abstract class QdrantVectorStore without an implementation for abstract methods 'batch_store_vectors', 'store_vector', 'update_vector'</error></testcase><testcase classname="tests.api.v1.test_memory_coverage" name="test_delete_memory_not_found" time="0.064"><error message="failed on setup with &quot;TypeError: Can't instantiate abstract class QdrantVectorStore without an implementation for abstract methods 'batch_store_vectors', 'store_vector', 'update_vector'&quot;">E   TypeError: Can't instantiate abstract class QdrantVectorStore without an implementation for abstract methods 'batch_store_vectors', 'store_vector', 'update_vector'</error></testcase><testcase classname="tests.api.v1.test_memory_coverage" name="test_rebuild_reflections" time="0.064"><error message="failed on setup with &quot;TypeError: Can't instantiate abstract class QdrantVectorStore without an implementation for abstract methods 'batch_store_vectors', 'store_vector', 'update_vector'&quot;">E   TypeError: Can't instantiate abstract class QdrantVectorStore without an implementation for abstract methods 'batch_store_vectors', 'store_vector', 'update_vector'</error></testcase><testcase classname="tests.api.v1.test_memory_coverage" name="test_get_reflection_stats" time="0.068"><error message="failed on setup with &quot;TypeError: Can't instantiate abstract class QdrantVectorStore without an implementation for abstract methods 'batch_store_vectors', 'store_vector', 'update_vector'&quot;">E   TypeError: Can't instantiate abstract class QdrantVectorStore without an implementation for abstract methods 'batch_store_vectors', 'store_vector', 'update_vector'</error></testcase><testcase classname="tests.api.v1.test_search_hybrid" name="test_hybrid_search_success" time="0.065"><error message="failed on setup with &quot;TypeError: Can't instantiate abstract class QdrantVectorStore without an implementation for abstract methods 'batch_store_vectors', 'store_vector', 'update_vector'&quot;">E   TypeError: Can't instantiate abstract class QdrantVectorStore without an implementation for abstract methods 'batch_store_vectors', 'store_vector', 'update_vector'</error></testcase><testcase classname="tests.api.v1.test_search_hybrid" name="test_hybrid_search_with_reranking" time="0.064"><error message="failed on setup with &quot;TypeError: Can't instantiate abstract class QdrantVectorStore without an implementation for abstract methods 'batch_store_vectors', 'store_vector', 'update_vector'&quot;">E   TypeError: Can't instantiate abstract class QdrantVectorStore without an implementation for abstract methods 'batch_store_vectors', 'store_vector', 'update_vector'</error></testcase><testcase classname="tests.api.v1.test_search_hybrid" name="test_hybrid_search_with_filters" time="0.070"><error message="failed on setup with &quot;TypeError: Can't instantiate abstract class QdrantVectorStore without an implementation for abstract methods 'batch_store_vectors', 'store_vector', 'update_vector'&quot;">E   TypeError: Can't instantiate abstract class QdrantVectorStore without an implementation for abstract methods 'batch_store_vectors', 'store_vector', 'update_vector'</error></testcase><testcase classname="tests.api.v1.test_search_hybrid" name="test_hybrid_search_service_error" time="0.068"><error message="failed on setup with &quot;TypeError: Can't instantiate abstract class QdrantVectorStore without an implementation for abstract methods 'batch_store_vectors', 'store_vector', 'update_vector'&quot;">E   TypeError: Can't instantiate abstract class QdrantVectorStore without an implementation for abstract methods 'batch_store_vectors', 'store_vector', 'update_vector'</error></testcase><testcase classname="tests.architecture.test_architecture" name="test_core_layer_isolation" time="0.048" /><testcase classname="tests.architecture.test_architecture" name="test_models_dont_import_services" time="0.052"><skipped type="pytest.skip" message="⚠️  Models importing services/api (pre-existing):&#10;  - apps/memory_api/models/rbac.py: imports apps.memory_api.services.rbac_service">/home/grzegorz/cloud/Dockerized/RAE-agentic-memory/tests/architecture/test_architecture.py:153: ⚠️  Models importing services/api (pre-existing):
  - apps/memory_api/models/rbac.py: imports apps.memory_api.services.rbac_service</skipped></testcase><testcase classname="tests.architecture.test_architecture" name="test_file_size_limits" time="0.032"><skipped type="pytest.skip" message="⚠️  Files exceeding size limit (pre-existing):&#10;  - apps/memory_api/services/compliance_service.py: 1201 lines (max 800)&#10;  - apps/memory_api/services/hybrid_search_service.py: 870 lines (max 800)&#10;  - apps/memory_api/repositories/graph_repository_enhanced.py: 858 lines (max 800)&#10;  - apps/memory_api/repositories/graph_repository.py: 844 lines (max 800)&#10;  - apps/memory_api/models/dashboard_models.py: 1083 lines (max 800)&#10;  ... and 5 more">/home/grzegorz/cloud/Dockerized/RAE-agentic-memory/tests/architecture/test_architecture.py:183: ⚠️  Files exceeding size limit (pre-existing):
  - apps/memory_api/services/compliance_service.py: 1201 lines (max 800)
  - apps/memory_api/services/hybrid_search_service.py: 870 lines (max 800)
  - apps/memory_api/repositories/graph_repository_enhanced.py: 858 lines (max 800)
  - apps/memory_api/repositories/graph_repository.py: 844 lines (max 800)
  - apps/memory_api/models/dashboard_models.py: 1083 lines (max 800)
  ... and 5 more</skipped></testcase><testcase classname="tests.architecture.test_architecture" name="test_function_complexity" time="0.384"><skipped type="pytest.skip" message="⚠️  Functions exceeding complexity limit (pre-existing):&#10;  - apps/memory_api/services/hybrid_search.py:508 - _synthesize_context() complexity=16 (max 15)&#10;  - apps/memory_api/services/dashboard_websocket.py:500 - _collect_system_metrics() complexity=16 (max 15)&#10;  - apps/memory_api/services/hybrid_search_service.py:103 - search() complexity=22 (max 15)&#10;  - apps/memory_api/services/rules_engine.py:199 - _evaluate_condition() complexity=22 (max 15)&#10;  - apps/memory_api/observability/memory_tracing.py:335 - _extract_result_metrics() complexity=16 (max 15)&#10;  ... and 1 more">/home/grzegorz/cloud/Dockerized/RAE-agentic-memory/tests/architecture/test_architecture.py:223: ⚠️  Functions exceeding complexity limit (pre-existing):
  - apps/memory_api/services/hybrid_search.py:508 - _synthesize_context() complexity=16 (max 15)
  - apps/memory_api/services/dashboard_websocket.py:500 - _collect_system_metrics() complexity=16 (max 15)
  - apps/memory_api/services/hybrid_search_service.py:103 - search() complexity=22 (max 15)
  - apps/memory_api/services/rules_engine.py:199 - _evaluate_condition() complexity=22 (max 15)
  - apps/memory_api/observability/memory_tracing.py:335 - _extract_result_metrics() complexity=16 (max 15)
  ... and 1 more</skipped></testcase><testcase classname="tests.architecture.test_architecture" name="test_tests_mirror_source_structure" time="0.026" /><testcase classname="tests.architecture.test_architecture" name="test_no_hardcoded_secrets" time="0.091"><skipped type="pytest.skip" message="⚠️  Possible hardcoded secrets found (check manually):&#10;  - apps/memory_api/observability/rae_telemetry_schema.py:166 - Possible hardcoded secret">/home/grzegorz/cloud/Dockerized/RAE-agentic-memory/tests/architecture/test_architecture.py:331: ⚠️  Possible hardcoded secrets found (check manually):
  - apps/memory_api/observability/rae_telemetry_schema.py:166 - Possible hardcoded secret</skipped></testcase><testcase classname="tests.architecture.test_architecture" name="test_no_circular_dependencies" time="0.492" /><testcase classname="tests.architecture.test_architecture" name="test_services_use_dependency_injection" time="0.112"><skipped type="pytest.skip" message="⚠️  Services without dependency injection:&#10;  - apps/memory_api/services/context_cache.py - ContextCache.__init__ has no dependencies&#10;  - apps/memory_api/services/source_trust_service.py - SourceTrustService.__init__ has no dependencies&#10;  - apps/memory_api/services/policy_versioning_service.py - PolicyVersioningService.__init__ has no dependencies&#10;  - apps/memory_api/services/evaluator.py - LLMEvaluator.__init__ has no dependencies&#10;  - apps/memory_api/services/dashboard_websocket.py - ConnectionManager.__init__ has no dependencies&#10;  ... and 6 more">/home/grzegorz/cloud/Dockerized/RAE-agentic-memory/tests/architecture/test_architecture.py:433: ⚠️  Services without dependency injection:
  - apps/memory_api/services/context_cache.py - ContextCache.__init__ has no dependencies
  - apps/memory_api/services/source_trust_service.py - SourceTrustService.__init__ has no dependencies
  - apps/memory_api/services/policy_versioning_service.py - PolicyVersioningService.__init__ has no dependencies
  - apps/memory_api/services/evaluator.py - LLMEvaluator.__init__ has no dependencies
  - apps/memory_api/services/dashboard_websocket.py - ConnectionManager.__init__ has no dependencies
  ... and 6 more</skipped></testcase><testcase classname="tests.architecture.test_architecture" name="test_no_bare_except" time="0.261" /><testcase classname="tests.repositories.test_graph_repository" name="test_get_all_nodes" time="0.026" /><testcase classname="tests.repositories.test_graph_repository" name="test_get_all_edges" time="0.026" /><testcase classname="tests.repositories.test_graph_repository" name="test_update_node_label" time="0.026" /><testcase classname="tests.repositories.test_graph_repository" name="test_merge_node_edges" time="0.027" /><testcase classname="tests.repositories.test_graph_repository" name="test_delete_node_edges" time="0.027" /><testcase classname="tests.repositories.test_graph_repository" name="test_delete_node" time="0.027" /><testcase classname="tests.repositories.test_graph_repository" name="test_delete_node_not_found" time="0.028" /><testcase classname="tests.repositories.test_graph_repository" name="test_upsert_node_insert" time="0.029" /><testcase classname="tests.repositories.test_graph_repository" name="test_upsert_node_update" time="0.027" /><testcase classname="tests.repositories.test_graph_repository" name="test_create_node" time="0.026" /><testcase classname="tests.repositories.test_graph_repository" name="test_create_edge" time="0.026" /><testcase classname="tests.repositories.test_graph_repository" name="test_get_node_internal_id" time="0.026" /><testcase classname="tests.repositories.test_graph_repository" name="test_get_node_internal_id_not_found" time="0.036" /><testcase classname="tests.repositories.test_graph_repository" name="test_store_graph_triples" time="0.032" /><testcase classname="tests.repositories.test_memory_repository_coverage" name="test_insert_memory_success" time="0.027" /><testcase classname="tests.repositories.test_memory_repository_coverage" name="test_insert_memory_failure" time="0.027" /><testcase classname="tests.repositories.test_memory_repository_coverage" name="test_delete_memory_success" time="0.026" /><testcase classname="tests.repositories.test_memory_repository_coverage" name="test_delete_memory_not_found" time="0.028" /><testcase classname="tests.repositories.test_memory_repository_coverage" name="test_get_memory_by_id_found" time="0.026" /><testcase classname="tests.repositories.test_memory_repository_coverage" name="test_get_memory_by_id_not_found" time="0.027" /><testcase classname="tests.repositories.test_memory_repository_coverage" name="test_get_semantic_memories" time="0.026" /><testcase classname="tests.repositories.test_memory_repository_coverage" name="test_get_reflective_memories" time="0.026" /><testcase classname="tests.repositories.test_memory_repository_coverage" name="test_get_episodic_memories" time="0.026" /><testcase classname="tests.repositories.test_memory_repository_coverage" name="test_count_memories_by_layer" time="0.026" /><testcase classname="tests.repositories.test_memory_repository_coverage" name="test_get_average_strength" time="0.026" /><testcase classname="tests.repositories.test_memory_repository_coverage" name="test_update_memory_access_stats" time="0.028" /><testcase classname="tests.services.llm.test_providers" name="test_openai_generate" time="0.027" /><testcase classname="tests.services.test_budget_service" name="test_check_budget" time="0.028" /><testcase classname="tests.services.test_budget_service" name="test_check_budget_fail" time="0.029" /><testcase classname="tests.services.test_community_detection" name="test_load_graph_uses_repository" time="0.087" /><testcase classname="tests.services.test_community_detection" name="test_load_graph_with_disconnected_edges" time="0.027" /><testcase classname="tests.services.test_community_detection" name="test_store_super_node_uses_repository" time="0.028" /><testcase classname="tests.services.test_community_detection" name="test_run_community_detection_insufficient_nodes" time="0.029" /><testcase classname="tests.services.test_community_detection" name="test_generate_summary_llm_integration" time="0.026" /><testcase classname="tests.services.test_community_detection" name="test_generate_summary_llm_failure" time="0.027" /><testcase classname="tests.services.test_community_detection" name="test_process_community_workflow" time="0.028" /><testcase classname="tests.services.test_community_detection" name="test_empty_graph_handling" time="0.027" /><testcase classname="tests.services.test_context_cache" name="test_context_cache_flow" time="0.026" /><testcase classname="tests.services.test_entity_resolution" name="test_fetch_nodes_uses_repository" time="0.028" /><testcase classname="tests.services.test_entity_resolution" name="test_merge_nodes_with_canonical_name" time="0.028" /><testcase classname="tests.services.test_entity_resolution" name="test_merge_nodes_without_canonical_name" time="0.030" /><testcase classname="tests.services.test_entity_resolution" name="test_merge_nodes_empty_list" time="0.028" /><testcase classname="tests.services.test_entity_resolution" name="test_run_clustering_with_insufficient_nodes" time="0.028" /><testcase classname="tests.services.test_entity_resolution" name="test_process_group_with_merge_approval" time="0.028" /><testcase classname="tests.services.test_entity_resolution" name="test_process_group_with_merge_rejection" time="0.029" /><testcase classname="tests.services.test_entity_resolution" name="test_run_clustering_success" time="0.028" /><testcase classname="tests.services.test_entity_resolution" name="test_run_clustering_ml_failure" time="0.030" /><testcase classname="tests.services.test_entity_resolution" name="test_ask_janitor_failure" time="0.028" /><testcase classname="tests.services.test_reflection_engine" name="test_reflection_flow" time="0.032" /></testsuite></testsuites>